Traceback (most recent call last):
  File "C:\Users\lakj\AppData\Local\anaconda3\envs\MEKUNI\lib\site-packages\jupyter_cache\executors\utils.py", line 58, in single_nb_execution
    executenb(
  File "C:\Users\lakj\AppData\Local\anaconda3\envs\MEKUNI\lib\site-packages\nbclient\client.py", line 1305, in execute
    return NotebookClient(nb=nb, resources=resources, km=km, **kwargs).execute()
  File "C:\Users\lakj\AppData\Local\anaconda3\envs\MEKUNI\lib\site-packages\jupyter_core\utils\__init__.py", line 165, in wrapped
    return loop.run_until_complete(inner)
  File "C:\Users\lakj\AppData\Local\anaconda3\envs\MEKUNI\lib\asyncio\base_events.py", line 647, in run_until_complete
    return future.result()
  File "C:\Users\lakj\AppData\Local\anaconda3\envs\MEKUNI\lib\site-packages\nbclient\client.py", line 705, in async_execute
    await self.async_execute_cell(
  File "C:\Users\lakj\AppData\Local\anaconda3\envs\MEKUNI\lib\site-packages\nbclient\client.py", line 1058, in async_execute_cell
    await self._check_raise_for_error(cell, cell_index, exec_reply)
  File "C:\Users\lakj\AppData\Local\anaconda3\envs\MEKUNI\lib\site-packages\nbclient\client.py", line 914, in _check_raise_for_error
    raise CellExecutionError.from_cell_and_msg(cell, exec_reply_content)
nbclient.exceptions.CellExecutionError: An error occurred while executing the following cell:
------------------
# Load an image from a file
image_path = r'floradanica_0001-0250/floradanica_0001.tif'  # Replace with your image file path
image = Image.open(image_path)

# Display the image inline in the Jupyter notebook
display(image)
------------------


[1;31m---------------------------------------------------------------------------[0m
[1;31mFileNotFoundError[0m                         Traceback (most recent call last)
Cell [1;32mIn[2], line 3[0m
[0;32m      1[0m [38;5;66;03m# Load an image from a file[39;00m
[0;32m      2[0m image_path [38;5;241m=[39m [38;5;124mr[39m[38;5;124m'[39m[38;5;124mfloradanica_0001-0250/floradanica_0001.tif[39m[38;5;124m'[39m  [38;5;66;03m# Replace with your image file path[39;00m
[1;32m----> 3[0m image [38;5;241m=[39m [43mImage[49m[38;5;241;43m.[39;49m[43mopen[49m[43m([49m[43mimage_path[49m[43m)[49m
[0;32m      5[0m [38;5;66;03m# Display the image inline in the Jupyter notebook[39;00m
[0;32m      6[0m display(image)

File [1;32m~\AppData\Local\anaconda3\envs\MEKUNI\lib\site-packages\PIL\Image.py:3465[0m, in [0;36mopen[1;34m(fp, mode, formats)[0m
[0;32m   3462[0m     filename [38;5;241m=[39m os[38;5;241m.[39mfspath(fp)
[0;32m   3464[0m [38;5;28;01mif[39;00m filename:
[1;32m-> 3465[0m     fp [38;5;241m=[39m [43mbuiltins[49m[38;5;241;43m.[39;49m[43mopen[49m[43m([49m[43mfilename[49m[43m,[49m[43m [49m[38;5;124;43m"[39;49m[38;5;124;43mrb[39;49m[38;5;124;43m"[39;49m[43m)[49m
[0;32m   3466[0m     exclusive_fp [38;5;241m=[39m [38;5;28;01mTrue[39;00m
[0;32m   3467[0m [38;5;28;01melse[39;00m:

[1;31mFileNotFoundError[0m: [Errno 2] No such file or directory: 'floradanica_0001-0250/floradanica_0001.tif'

