Traceback (most recent call last):
  File "C:\Users\lakj\AppData\Local\anaconda3\envs\MEKUNI\lib\site-packages\jupyter_cache\executors\utils.py", line 58, in single_nb_execution
    executenb(
  File "C:\Users\lakj\AppData\Local\anaconda3\envs\MEKUNI\lib\site-packages\nbclient\client.py", line 1305, in execute
    return NotebookClient(nb=nb, resources=resources, km=km, **kwargs).execute()
  File "C:\Users\lakj\AppData\Local\anaconda3\envs\MEKUNI\lib\site-packages\jupyter_core\utils\__init__.py", line 165, in wrapped
    return loop.run_until_complete(inner)
  File "C:\Users\lakj\AppData\Local\anaconda3\envs\MEKUNI\lib\asyncio\base_events.py", line 647, in run_until_complete
    return future.result()
  File "C:\Users\lakj\AppData\Local\anaconda3\envs\MEKUNI\lib\site-packages\nbclient\client.py", line 705, in async_execute
    await self.async_execute_cell(
  File "C:\Users\lakj\AppData\Local\anaconda3\envs\MEKUNI\lib\site-packages\nbclient\client.py", line 1058, in async_execute_cell
    await self._check_raise_for_error(cell, cell_index, exec_reply)
  File "C:\Users\lakj\AppData\Local\anaconda3\envs\MEKUNI\lib\site-packages\nbclient\client.py", line 914, in _check_raise_for_error
    raise CellExecutionError.from_cell_and_msg(cell, exec_reply_content)
nbclient.exceptions.CellExecutionError: An error occurred while executing the following cell:
------------------
import os
from PIL import Image

def resize_and_store_tiff_files(source_folder, destination_folder, new_size=(100, 100), num_files=10):
    # Ensure the destination folder exists
    os.makedirs(destination_folder, exist_ok=True)

    # Get a list of all TIFF files in the source folder
    tiff_files = [f for f in os.listdir(source_folder) if f.lower().endswith('.tif') or f.lower().endswith('.tiff')]

    # Process only the first 'num_files' TIFF files
    for tiff_file in tiff_files[:num_files]:
        # Construct full file path
        source_path = os.path.join(source_folder, tiff_file)
        destination_path = os.path.join(destination_folder, tiff_file)

        # Open, resize, and save the image
        with Image.open(source_path) as img:
            # Resize the image while maintaining aspect ratio
            img.thumbnail(new_size, Image.LANCZOS)
            img.save(destination_path, "TIFF")


 
source_folder = r'./floradanica_0001-0250'
destination_folder = r'./floradanica_mini_sample_set'
resize_and_store_tiff_files(source_folder, destination_folder, new_size=(500, 500))
------------------


[1;31m---------------------------------------------------------------------------[0m
[1;31mFileNotFoundError[0m                         Traceback (most recent call last)
Cell [1;32mIn[1], line 27[0m
[0;32m     25[0m source_folder [38;5;241m=[39m [38;5;124mr[39m[38;5;124m'[39m[38;5;124m./floradanica_0001-0250[39m[38;5;124m'[39m
[0;32m     26[0m destination_folder [38;5;241m=[39m [38;5;124mr[39m[38;5;124m'[39m[38;5;124m./floradanica_mini_sample_set[39m[38;5;124m'[39m
[1;32m---> 27[0m [43mresize_and_store_tiff_files[49m[43m([49m[43msource_folder[49m[43m,[49m[43m [49m[43mdestination_folder[49m[43m,[49m[43m [49m[43mnew_size[49m[38;5;241;43m=[39;49m[43m([49m[38;5;241;43m500[39;49m[43m,[49m[43m [49m[38;5;241;43m500[39;49m[43m)[49m[43m)[49m

Cell [1;32mIn[1], line 9[0m, in [0;36mresize_and_store_tiff_files[1;34m(source_folder, destination_folder, new_size, num_files)[0m
[0;32m      6[0m os[38;5;241m.[39mmakedirs(destination_folder, exist_ok[38;5;241m=[39m[38;5;28;01mTrue[39;00m)
[0;32m      8[0m [38;5;66;03m# Get a list of all TIFF files in the source folder[39;00m
[1;32m----> 9[0m tiff_files [38;5;241m=[39m [f [38;5;28;01mfor[39;00m f [38;5;129;01min[39;00m [43mos[49m[38;5;241;43m.[39;49m[43mlistdir[49m[43m([49m[43msource_folder[49m[43m)[49m [38;5;28;01mif[39;00m f[38;5;241m.[39mlower()[38;5;241m.[39mendswith([38;5;124m'[39m[38;5;124m.tif[39m[38;5;124m'[39m) [38;5;129;01mor[39;00m f[38;5;241m.[39mlower()[38;5;241m.[39mendswith([38;5;124m'[39m[38;5;124m.tiff[39m[38;5;124m'[39m)]
[0;32m     11[0m [38;5;66;03m# Process only the first 'num_files' TIFF files[39;00m
[0;32m     12[0m [38;5;28;01mfor[39;00m tiff_file [38;5;129;01min[39;00m tiff_files[:num_files]:
[0;32m     13[0m     [38;5;66;03m# Construct full file path[39;00m

[1;31mFileNotFoundError[0m: [WinError 3] Den angivne sti blev ikke fundet: './floradanica_0001-0250'

